Violin,Saxophone	dataset/hdf5s/urmp/35_Rondeau_vn_vn_va_db/AuSep_2_vn_35_Rondeau.h5,dataset/hdf5s/urmp/30_Fugue_fl_fl_ob_sax/AuSep_4_sax_30_Fugue.h5
Violin,Double_Bass	dataset/hdf5s/urmp/35_Rondeau_vn_vn_va_db/AuSep_2_vn_35_Rondeau.h5,dataset/hdf5s/urmp/35_Rondeau_vn_vn_va_db/AuSep_4_db_35_Rondeau.h5
Cello,Viola	dataset/hdf5s/urmp/11_Maria_ob_vc/AuSep_2_vc_11_Maria.h5,dataset/hdf5s/urmp/32_Fugue_vn_vn_va_vc/AuSep_3_va_32_Fugue.h5
Violin,Double_Bass	dataset/hdf5s/urmp/39_Jerusalem_vn_vn_va_sax_db/AuSep_1_vn_39_Jerusalem.h5,dataset/hdf5s/urmp/39_Jerusalem_vn_vn_va_sax_db/AuSep_5_db_39_Jerusalem.h5
Violin,Cello	dataset/hdf5s/urmp/39_Jerusalem_vn_vn_va_sax_db/AuSep_1_vn_39_Jerusalem.h5,dataset/hdf5s/urmp/11_Maria_ob_vc/AuSep_2_vc_11_Maria.h5
Viola,Clarinet	dataset/hdf5s/urmp/39_Jerusalem_vn_vn_va_sax_db/AuSep_3_va_39_Jerusalem.h5,dataset/hdf5s/urmp/23_Rejouissance_cl_sax_tba/AuSep_1_cl_23_Rejouissance.h5
Flute,Violin	dataset/hdf5s/urmp/30_Fugue_fl_fl_ob_sax/AuSep_1_fl_30_Fugue.h5,dataset/hdf5s/urmp/39_Jerusalem_vn_vn_va_sax_db/AuSep_1_vn_39_Jerusalem.h5
Saxophone,Clarinet	dataset/hdf5s/urmp/41_Miserere_fl_fl_ob_sax_bn/AuSep_4_sax_41_Miserere.h5,dataset/hdf5s/urmp/40_Miserere_fl_fl_ob_cl_bn/AuSep_4_cl_40_Miserere.h5
Saxophone,Tuba	dataset/hdf5s/urmp/39_Jerusalem_vn_vn_va_sax_db/AuSep_4_sax_39_Jerusalem.h5,dataset/hdf5s/urmp/43_Chorale_tpt_tpt_hn_tbn_tba/AuSep_5_tba_43_Chorale.h5
Trombone,Saxophone	dataset/hdf5s/urmp/43_Chorale_tpt_tpt_hn_tbn_tba/AuSep_4_tbn_43_Chorale.h5,dataset/hdf5s/urmp/39_Jerusalem_vn_vn_va_sax_db/AuSep_4_sax_39_Jerusalem.h5
Oboe,Saxophone	dataset/hdf5s/urmp/11_Maria_ob_vc/AuSep_1_ob_11_Maria.h5,dataset/hdf5s/urmp/22_Rejouissance_sax_tbn_tba/AuSep_1_sax_22_Rejouissance.h5
Oboe,Viola	dataset/hdf5s/urmp/11_Maria_ob_vc/AuSep_1_ob_11_Maria.h5,dataset/hdf5s/urmp/35_Rondeau_vn_vn_va_db/AuSep_3_va_35_Rondeau.h5
Flute,Cello	dataset/hdf5s/urmp/37_Rondeau_fl_vn_va_cl/AuSep_1_fl_37_Rondeau.h5,dataset/hdf5s/urmp/36_Rondeau_vn_vn_va_vc/AuSep_4_vc_36_Rondeau.h5
Flute,Trombone	dataset/hdf5s/urmp/40_Miserere_fl_fl_ob_cl_bn/AuSep_1_fl_40_Miserere.h5,dataset/hdf5s/urmp/43_Chorale_tpt_tpt_hn_tbn_tba/AuSep_4_tbn_43_Chorale.h5
Clarinet,Horn	dataset/hdf5s/urmp/37_Rondeau_fl_vn_va_cl/AuSep_4_cl_37_Rondeau.h5,dataset/hdf5s/urmp/31_Slavonic_tpt_tpt_hn_tbn/AuSep_3_hn_31_Slavonic.h5
Clarinet,Bassoon	dataset/hdf5s/urmp/40_Miserere_fl_fl_ob_cl_bn/AuSep_4_cl_40_Miserere.h5,dataset/hdf5s/urmp/40_Miserere_fl_fl_ob_cl_bn/AuSep_5_bn_40_Miserere.h5
Trumpet,Violin	dataset/hdf5s/urmp/42_Arioso_tpt_tpt_hn_tbn_tba/AuSep_2_tpt_42_Arioso.h5,dataset/hdf5s/urmp/35_Rondeau_vn_vn_va_db/AuSep_2_vn_35_Rondeau.h5
Trumpet,Violin	dataset/hdf5s/urmp/43_Chorale_tpt_tpt_hn_tbn_tba/AuSep_1_tpt_43_Chorale.h5,dataset/hdf5s/urmp/35_Rondeau_vn_vn_va_db/AuSep_2_vn_35_Rondeau.h5
Flute,Clarinet	dataset/hdf5s/urmp/37_Rondeau_fl_vn_va_cl/AuSep_1_fl_37_Rondeau.h5,dataset/hdf5s/urmp/29_Fugue_fl_fl_ob_cl/AuSep_4_cl_29_Fugue.h5
Flute,Saxophone	dataset/hdf5s/urmp/37_Rondeau_fl_vn_va_cl/AuSep_1_fl_37_Rondeau.h5,dataset/hdf5s/urmp/30_Fugue_fl_fl_ob_sax/AuSep_4_sax_30_Fugue.h5
Bassoon,Oboe	dataset/hdf5s/urmp/28_Fugue_fl_ob_cl_bn/AuSep_4_bn_28_Fugue.h5,dataset/hdf5s/urmp/30_Fugue_fl_fl_ob_sax/AuSep_3_ob_30_Fugue.h5
Trumpet,Trombone	dataset/hdf5s/urmp/42_Arioso_tpt_tpt_hn_tbn_tba/AuSep_2_tpt_42_Arioso.h5,dataset/hdf5s/urmp/33_Elise_tpt_tpt_hn_tbn/AuSep_4_tbn_33_Elise.h5
Trumpet,Horn	dataset/hdf5s/urmp/31_Slavonic_tpt_tpt_hn_tbn/AuSep_2_tpt_31_Slavonic.h5,dataset/hdf5s/urmp/34_Fugue_tpt_tpt_hn_tbn/AuSep_3_hn_34_Fugue.h5
Tuba,Trumpet	dataset/hdf5s/urmp/42_Arioso_tpt_tpt_hn_tbn_tba/AuSep_5_tba_42_Arioso.h5,dataset/hdf5s/urmp/42_Arioso_tpt_tpt_hn_tbn_tba/AuSep_2_tpt_42_Arioso.h5
Trumpet,Trombone	dataset/hdf5s/urmp/43_Chorale_tpt_tpt_hn_tbn_tba/AuSep_1_tpt_43_Chorale.h5,dataset/hdf5s/urmp/21_Rejouissance_cl_tbn_tba/AuSep_2_tbn_21_Rejouissance.h5
Trumpet,Horn	dataset/hdf5s/urmp/31_Slavonic_tpt_tpt_hn_tbn/AuSep_2_tpt_31_Slavonic.h5,dataset/hdf5s/urmp/42_Arioso_tpt_tpt_hn_tbn_tba/AuSep_3_hn_42_Arioso.h5
Cello,Oboe	dataset/hdf5s/urmp/36_Rondeau_vn_vn_va_vc/AuSep_4_vc_36_Rondeau.h5,dataset/hdf5s/urmp/30_Fugue_fl_fl_ob_sax/AuSep_3_ob_30_Fugue.h5
Trumpet,Tuba	dataset/hdf5s/urmp/33_Elise_tpt_tpt_hn_tbn/AuSep_2_tpt_33_Elise.h5,dataset/hdf5s/urmp/43_Chorale_tpt_tpt_hn_tbn_tba/AuSep_5_tba_43_Chorale.h5
Trumpet,Trombone	dataset/hdf5s/urmp/34_Fugue_tpt_tpt_hn_tbn/AuSep_1_tpt_34_Fugue.h5,dataset/hdf5s/urmp/33_Elise_tpt_tpt_hn_tbn/AuSep_4_tbn_33_Elise.h5
Horn,Trumpet	dataset/hdf5s/urmp/33_Elise_tpt_tpt_hn_tbn/AuSep_3_hn_33_Elise.h5,dataset/hdf5s/urmp/43_Chorale_tpt_tpt_hn_tbn_tba/AuSep_1_tpt_43_Chorale.h5
Trumpet,Horn	dataset/hdf5s/urmp/42_Arioso_tpt_tpt_hn_tbn_tba/AuSep_2_tpt_42_Arioso.h5,dataset/hdf5s/urmp/33_Elise_tpt_tpt_hn_tbn/AuSep_3_hn_33_Elise.h5
Trumpet,Trombone	dataset/hdf5s/urmp/33_Elise_tpt_tpt_hn_tbn/AuSep_2_tpt_33_Elise.h5,dataset/hdf5s/urmp/42_Arioso_tpt_tpt_hn_tbn_tba/AuSep_4_tbn_42_Arioso.h5